1>#  prueba de es_vacia_cadena, insertar_al_final, imprimir_cadena.
2>cad vacia.
3>
4>Insertado al final.
5>cad no vacia.
6>(1,a)
7>Insertado al final.
8>Insertado al final.
9>(1,a)(3,c)(2,b)
10>Fin.
