1>#  prueba de hash: esta_lleno_hash, existe_asociacion, asociar_en_hash, valor_en_hash .
2>No lleno.
3>No existe asociacion.
4>No existe asociacion.
5>Establecida la asociación.
6>Existe asociacion.
7>vvv
8>No existe asociacion.
9>Establecida la asociación.
10>No existe asociacion.
11>Existe asociacion.
12>vvv
13>Establecida la asociación.
14>Establecida la asociación.
15>Establecida la asociación.
16>Establecida la asociación.
17>Establecida la asociación.
18>Establecida la asociación.
19>Establecida la asociación.
20>No lleno.
21>Existe asociacion.
22>ppp
23>Existe asociacion.
24>axss
25>Establecida la asociación.
26>LLeno.
27>Existe asociacion.
28>xss
29>Existe asociacion.
30>bgtt
31>Existe asociacion.
32>vvv
33>Fin.
