1>#  prueba de hash: actualizar_hash, eliminar_de_hash  .
2>Establecida la asociación.
3>Establecida la asociación.
4>vvv
5>axss
6>Actualizada la asociación.
7>Actualizada la asociación.
8>ppp
9>axss
10>Establecida la asociación.
11>sss
12>Actualizada la asociación.
13>vvv
14>vvv
15>Establecida la asociación.
16>Establecida la asociación.
17>Establecida la asociación.
18>Establecida la asociación.
19>Establecida la asociación.
20>Establecida la asociación.
21>Establecida la asociación.
22>LLeno.
23>Actualizada la asociación.
24>Existe asociacion.
25>ooo
26>Eliminada la asociación.
27>No lleno.
28>No existe asociacion.
29>Establecida la asociación.
30>www
31>ppp
32>axss
33>Eliminada la asociación.
34>Eliminada la asociación.
35>Eliminada la asociación.
36>No existe asociacion.
37>No existe asociacion.
38>No existe asociacion.
39>ppp
40>ppp
41>Eliminada la asociación.
42>Eliminada la asociación.
43>Establecida la asociación.
44>Establecida la asociación.
45>ddd
46>ddd
47>Fin.
