1>#  prueba de tiempo hash.
2>prueba actualizar. 
prueba existe_asociacion, valor_en_hash. 
3>Fin.
