1>La cola est치 vacia. 
2>Encolar. 
3>La cola no est치 vacia. 
4>(15,5.20)
5>Desencolar. 
6>La cola est치 vacia. 
7>Encolar. 
8>(95,24.00)
9>Encolar. 
10>(95,24.00)
11>Desencolar. 
12>(85,2.00)
13>Encolar. 
14>Encolar. 
15>Encolar. 
16>Encolar. 
17>Encolar. 
18>Encolar. 
19>(85,2.00)
20>Desencolar. 
21>Desencolar. 
22>Desencolar. 
23>Desencolar. 
24>Desencolar. 
25>(45,2.10)
26>La cola no est치 vacia. 
27>Fin.
