1>15 no es clave. 
2>Asociar.
3>14 no es clave. 
4>15 es clave. 
5>15 está asociado a 5.20. 
6>Desasociar. 
7>15 no es clave. 
8>Asociar.
9>95 está asociado a 24.00. 
10>Asociar.
11>85 está asociado a 2.00. 
12>95 está asociado a 24.00. 
13>Desasociar. 
14>85 no es clave. 
15>95 está asociado a 24.00. 
16>Asociar.
17>Asociar.
18>Asociar.
19>Asociar.
20>Asociar.
21>Asociar.
22>55 está asociado a -24.00. 
23>65 está asociado a 3.00. 
24>95 está asociado a 24.00. 
25>Desasociar. 
26>Desasociar. 
27>Desasociar. 
28>Desasociar. 
29>Desasociar. 
30>95 no es clave. 
31>15 no es clave. 
32>75 está asociado a 2.50. 
33>Fin.
