1>#  Caso de prueba privado 2.
2>Segmento insertado después de loc.
3>(5,3.40)
4>loc al inicio.
5>El menor es 5.
6>Segmento insertado después de loc.
7>loc al inicio.
8>El menor es 1.
9>loc al inicio.
10>loc al siguiente.
11>loc al siguiente.
12>loc al siguiente.
13>El menor es 1.
14>loc al inicio.
15>(5,3.40)(8,3.40)(7,4.10)(6,3.50)(4,9.40)(3,2.60)(9,3.50)(2,9.40)(1,2.60)
16>Segmento borrado.
17>El menor es 3.
18>(5,3.40)(8,3.40)(7,4.10)(6,3.50)(4,9.40)(3,2.60)(9,3.50)
19>Fin.
