1>#  Caso de prueva privado 3 .
2>cad ordenada.
3>Segmento insertado después de loc.
4>cad ordenada.
5>Segmento borrado.
6>cad ordenada.
7>Segmento insertado después de loc.
8>cad no ordenada.
9>loc al final.
10>Segmento insertado después de loc.
11>cad no ordenada.
12>Segmento borrado.
13>cad ordenada.
14>(2,3.40)(2,4.10)(4,9.40)(5,2.60)(5,3.50)(7,9.40)(7,2.60)(7,9.40)(7,2.60)(7,9.40)(7,2.60)
15>Fin.
