1>#  Caso de prueba privado 4.
2>Son iguales.
3>No son iguales.
4>Insertado al final.
5>Son iguales.
6>loc al final.
7>Insertado al final.
8>No son iguales.
9>Son iguales.
10>No son iguales.
11>No son iguales.
12>(5,2.20)(5,2.20)
13>(5,2.20)(5,2.20)(3,2.10)(1,2.10)
14>loc al final.
15>Segmento insertado despuÃ©s de loc.
16>loc al inicio.
17>No son iguales.
18>Son iguales.
19>(5,2.20)(5,2.20)(3,2.10)(1,2.10)
20>Fin.
