1>#  Caso de prueba privado 6.
2>Segmento insertado después de loc.
3>Quedó ordenada.
4>(1,3.50)(2,2.60)(3,9.40)(5,4.10)(6,4.10)(14,3.50)(15,2.60)(22,3.40)(30,9.40)
5>(1,3.50)(2,2.60)(3,9.40)(5,4.10)(6,4.10)(14,3.50)(15,2.60)(22,3.40)(30,9.40)
6>(3,9.40)(5,4.10)(6,4.10)(14,3.50)(15,2.60)
7>(30,9.40)
8>(1,3.50)
9>30 pertenece a cad.
10>Cambiados.
11>30 no pertenece a cad.
12>15 pertenece a cad.
13>Cambiados.
14>15 no pertenece a cad.
15>Cambiados.
16>Cambiados.
17>(1,3.50)(2,2.60)(3,9.40)(5,4.10)(6,4.10)(5,3.50)(7,2.60)(8,3.40)(4,9.40)
18>En cad hay naturales repetidos.
19>Segmento borrado.
20>Quedó ordenada.
21>(2,2.60)(3,9.40)(4,9.40)(5,4.10)(6,4.10)
22>(1,3.50)(2,2.60)(3,9.40)(4,9.40)(5,4.10)(6,4.10)(7,2.60)(8,3.40)
23>En cad no hay naturales repetidos.
24>Fin.
