1>#  Prueba de estaVacioAvl, insertarEnAvl, buscarEnAvl, raizAvl, izqAvl y derAvl del modulo avl de enteros.
2>Vacio.
3>sub es vacío.
4>Insertado.
5>Insertado.
6>Insertado.
7>Insertado.
8>No vacío.
9>1
 |  -  | 
10>2
1 - 3
11>3
 |  - 4
12>4
 |  -  | 
13>2
14>1
15>3
16>Fin.
