1>#  Prueba avlMin.
2>
1 
Cantidad: 1.
3>
1 
2 
Cantidad: 2.
4>
1 
2 4 
3 
Cantidad: 4.
5>
1 
2 4 6 
3 7 
5 
Cantidad: 7.
6>
1 
2 4 6 9 
3 7 10 12 
5 11 
8 
Cantidad: 12.
7>
1 
2 4 6 9 14 22 35 56 90 
3 7 10 12 15 17 19 23 25 27 30 36 38 40 43 48 57 59 61 64 69 77 91 93 95 98 103 111 124 
5 11 16 20 24 28 31 33 37 41 44 46 49 51 53 58 62 65 67 70 72 74 78 80 82 85 92 96 99 101 104 106 108 112 114 116 119 125 127 129 132 137 
8 18 26 32 39 45 50 54 60 66 71 75 79 83 86 88 94 100 105 109 113 117 120 122 126 130 133 135 138 140 142 
13 29 42 52 63 73 81 87 97 107 115 121 128 134 139 143 
21 47 68 84 102 118 131 141 
34 76 110 136 
55 123 
89 
Cantidad: 143.
8>Fin.
