1>Encolado.
2>Encolado.
3>Encolado.
4>Encolado.
5>Vacio.
6>
7>Union.
8>Intersección.
9>Establecida la asociación.
10>Establecida la asociación.
11>p NO está llena.
12>p está vacia.
13>2
14>Desencolado.
15>cavl NO está vacia.
16>13
17>Altura de avl: 3.
18>13
 |  - 14
19>No pertenece.
20>Pertenece.
21>3 6 
22>No existe asociacion.
23>15.00
24>No lleno.
25>Vacia.
26>No está.
27>10.
28>Fin.
