1>Insertado.
2>Insertado.
3>Insertado.
4>Arreglo a conjunto con 4 elementos.
5>Union.
6>Establecida la asociación.
7>Eliminada la asociación.
8>Establecida la asociación.
9>Eliminada la asociación.
10>Se insertó el elemento.
11>Se insertó el elemento.
12>Se insertó el elemento.
13>p NO está llena.
14>cavl está vacia.
15>Altura de avl: 2.
16>
1 
2 4 6 9 
3 7 10 12 
5 11 
8 
Cantidad: 12.
17>5.
18>Pertenece.
19>Pertenece.
20>2 3 4 6 9 
21>No existe asociacion.
22>No lleno.
23>Se actualizó el valor.
24>3.00.
25>4
26>Fin.
