1>#  Prueba de arregloAAvl.
2>
3>Altura de avl: 1.
4>50
5>Izquierdo es vacío
6>Derecho es vacío
7>50 
8>
9>Altura de avl: 3.
10>40
11>20
12>60
13>10 20 30 40 50 60 70 
14>
15>Altura de avl: 4.
16>40
17>20
18>60
19>10 20 30 40 50 60 70 80 
20>Fin.
